This is pdfTeX, Version 3.141592653-2.6-1.40.22 (TeX Live 2022/dev/Debian) (preloaded format=pdflatex 2026.4.14)  10 JUL 2026 22:13
entering extended mode
 restricted \write18 enabled.
 file:line:error style messages enabled.
 %&-line parsing enabled.
**/home/bxk/CODE-pro6000-PhD-3/Occ-V2X-Real/docs/TPAMI2026/local-git/main.tex
(/home/bxk/CODE-pro6000-PhD-3/Occ-V2X-Real/docs/TPAMI2026/local-git/main.tex
LaTeX2e <2021-11-15> patch level 1
L3 programming layer <2022-01-21> (./IEEEtran.cls
Document Class: IEEEtran 2015/08/26 V1.8b by Michael Shell
-- See the "IEEEtran_HOWTO" manual for usage information.
-- http://www.michaelshell.org/tex/ieeetran/
\@IEEEtrantmpdimenA=\dimen138
\@IEEEtrantmpdimenB=\dimen139
\@IEEEtrantmpdimenC=\dimen140
\@IEEEtrantmpcountA=\count185
\@IEEEtrantmpcountB=\count186
\@IEEEtrantmpcountC=\count187
\@IEEEtrantmptoksA=\toks16
LaTeX Font Info:    Trying to load font information for OT1+ppl on input line 503.
(/usr/share/texlive/texmf-dist/tex/latex/psnfss/ot1ppl.fd
File: ot1ppl.fd 2001/06/04 font definitions for OT1/ppl.
)
-- Using IEEE Computer Society mode.
-- Using 8.5in x 11in (letter) paper.
-- Using PDF output.
\@IEEEnormalsizeunitybaselineskip=\dimen141
-- This is a 10 point document.
\CLASSINFOnormalsizebaselineskip=\dimen142
\CLASSINFOnormalsizeunitybaselineskip=\dimen143
\IEEEnormaljot=\dimen144
LaTeX Font Info:    Font shape `OT1/ppl/bx/n' in size <5.01874> not available
(Font)              Font shape `OT1/ppl/b/n' tried instead on input line 1090.
LaTeX Font Info:    Font shape `OT1/ppl/bx/it' in size <5.01874> not available
(Font)              Font shape `OT1/ppl/b/it' tried instead on input line 1090.
LaTeX Font Info:    Font shape `OT1/ppl/bx/n' in size <7.02625> not available
(Font)              Font shape `OT1/ppl/b/n' tried instead on input line 1090.
LaTeX Font Info:    Font shape `OT1/ppl/bx/it' in size <7.02625> not available
(Font)              Font shape `OT1/ppl/b/it' tried instead on input line 1090.
LaTeX Font Info:    Font shape `OT1/ppl/bx/n' in size <8.03> not available
(Font)              Font shape `OT1/ppl/b/n' tried instead on input line 1090.
LaTeX Font Info:    Font shape `OT1/ppl/bx/it' in size <8.03> not available
(Font)              Font shape `OT1/ppl/b/it' tried instead on input line 1090.
LaTeX Font Info:    Font shape `OT1/ppl/bx/n' in size <9.03374> not available
(Font)              Font shape `OT1/ppl/b/n' tried instead on input line 1090.
LaTeX Font Info:    Font shape `OT1/ppl/bx/it' in size <9.03374> not available
(Font)              Font shape `OT1/ppl/b/it' tried instead on input line 1090.
LaTeX Font Info:    Font shape `OT1/ppl/bx/n' in size <9.53561> not available
(Font)              Font shape `OT1/ppl/b/n' tried instead on input line 1090.
LaTeX Font Info:    Font shape `OT1/ppl/bx/it' in size <9.53561> not available
(Font)              Font shape `OT1/ppl/b/it' tried instead on input line 1090.
LaTeX Font Info:    Font shape `OT1/ppl/bx/n' in size <11.04124> not available
(Font)              Font shape `OT1/ppl/b/n' tried instead on input line 1090.
LaTeX Font Info:    Font shape `OT1/ppl/bx/it' in size <11.04124> not available
(Font)              Font shape `OT1/ppl/b/it' tried instead on input line 1090.
LaTeX Font Info:    Font shape `OT1/ppl/bx/n' in size <12.045> not available
(Font)              Font shape `OT1/ppl/b/n' tried instead on input line 1090.
LaTeX Font Info:    Font shape `OT1/ppl/bx/it' in size <12.045> not available
(Font)              Font shape `OT1/ppl/b/it' tried instead on input line 1090.
LaTeX Font Info:    Font shape `OT1/ppl/bx/n' in size <17.06374> not available
(Font)              Font shape `OT1/ppl/b/n' tried instead on input line 1090.
LaTeX Font Info:    Font shape `OT1/ppl/bx/it' in size <17.06374> not available
(Font)              Font shape `OT1/ppl/b/it' tried instead on input line 1090.
LaTeX Font Info:    Font shape `OT1/ppl/bx/n' in size <20.075> not available
(Font)              Font shape `OT1/ppl/b/n' tried instead on input line 1090.
LaTeX Font Info:    Font shape `OT1/ppl/bx/it' in size <20.075> not available
(Font)              Font shape `OT1/ppl/b/it' tried instead on input line 1090.
LaTeX Font Info:    Font shape `OT1/ppl/bx/n' in size <24.09> not available
(Font)              Font shape `OT1/ppl/b/n' tried instead on input line 1090.
LaTeX Font Info:    Font shape `OT1/ppl/bx/it' in size <24.09> not available
(Font)              Font shape `OT1/ppl/b/it' tried instead on input line 1090.
\IEEEquantizedlength=\dimen145
\IEEEquantizedlengthdiff=\dimen146
\IEEEquantizedtextheightdiff=\dimen147
\IEEEilabelindentA=\dimen148
\IEEEilabelindentB=\dimen149
\IEEEilabelindent=\dimen150
\IEEEelabelindent=\dimen151
\IEEEdlabelindent=\dimen152
\IEEElabelindent=\dimen153
\IEEEiednormlabelsep=\dimen154
\IEEEiedmathlabelsep=\dimen155
\IEEEiedtopsep=\skip47
\c@section=\count188
\c@subsection=\count189
\c@subsubsection=\count190
\c@paragraph=\count191
\c@IEEEsubequation=\count192
\abovecaptionskip=\skip48
\belowcaptionskip=\skip49
\c@figure=\count193
\c@table=\count194
\@IEEEeqnnumcols=\count195
\@IEEEeqncolcnt=\count196
\@IEEEsubeqnnumrollback=\count197
\@IEEEquantizeheightA=\dimen156
\@IEEEquantizeheightB=\dimen157
\@IEEEquantizeheightC=\dimen158
\@IEEEquantizeprevdepth=\dimen159
\@IEEEquantizemultiple=\count198
\@IEEEquantizeboxA=\box50
\@IEEEtmpitemindent=\dimen160
\IEEEPARstartletwidth=\dimen161
\c@IEEEbiography=\count199
\@IEEEtranrubishbin=\box51
) (/usr/share/texlive/texmf-dist/tex/latex/cite/cite.sty
LaTeX Info: Redefining \cite on input line 302.
LaTeX Info: Redefining \nocite on input line 332.
Package: cite 2015/02/27  v 5.5
) (/usr/share/texlive/texmf-dist/tex/latex/graphics/graphicx.sty
Package: graphicx 2021/09/16 v1.2d Enhanced LaTeX Graphics (DPC,SPQR)
 (/usr/share/texlive/texmf-dist/tex/latex/graphics/keyval.sty
Package: keyval 2014/10/28 v1.15 key=value parser (DPC)
\KV@toks@=\toks17
) (/usr/share/texlive/texmf-dist/tex/latex/graphics/graphics.sty
Package: graphics 2021/03/04 v1.4d Standard LaTeX Graphics (DPC,SPQR)
 (/usr/share/texlive/texmf-dist/tex/latex/graphics/trig.sty
Package: trig 2021/08/11 v1.11 sin cos tan (DPC)
) (/usr/share/texlive/texmf-dist/tex/latex/graphics-cfg/graphics.cfg
File: graphics.cfg 2016/06/04 v1.11 sample graphics configuration
)
Package graphics Info: Driver file: pdftex.def on input line 107.
 (/usr/share/texlive/texmf-dist/tex/latex/graphics-def/pdftex.def
File: pdftex.def 2020/10/05 v1.2a Graphics/color driver for pdftex
))
\Gin@req@height=\dimen162
\Gin@req@width=\dimen163
) (/usr/share/texlive/texmf-dist/tex/latex/amsmath/amsmath.sty
Package: amsmath 2021/10/15 v2.17l AMS math features
\@mathmargin=\skip50

For additional information on amsmath, use the `?' option.
(/usr/share/texlive/texmf-dist/tex/latex/amsmath/amstext.sty
Package: amstext 2021/08/26 v2.01 AMS text
 (/usr/share/texlive/texmf-dist/tex/latex/amsmath/amsgen.sty
File: amsgen.sty 1999/11/30 v2.0 generic functions
\@emptytoks=\toks18
\ex@=\dimen164
)) (/usr/share/texlive/texmf-dist/tex/latex/amsmath/amsbsy.sty
Package: amsbsy 1999/11/29 v1.2d Bold Symbols
\pmbraise@=\dimen165
) (/usr/share/texlive/texmf-dist/tex/latex/amsmath/amsopn.sty
Package: amsopn 2021/08/26 v2.02 operator names
)
\inf@bad=\count266
LaTeX Info: Redefining \frac on input line 234.
\uproot@=\count267
\leftroot@=\count268
LaTeX Info: Redefining \overline on input line 399.
\classnum@=\count269
\DOTSCASE@=\count270
LaTeX Info: Redefining \ldots on input line 496.
LaTeX Info: Redefining \dots on input line 499.
LaTeX Info: Redefining \cdots on input line 620.
\Mathstrutbox@=\box52
\strutbox@=\box53
\big@size=\dimen166
LaTeX Font Info:    Redeclaring font encoding OML on input line 743.
LaTeX Font Info:    Redeclaring font encoding OMS on input line 744.
\macc@depth=\count271
\c@MaxMatrixCols=\count272
\dotsspace@=\muskip16
\c@parentequation=\count273
\dspbrk@lvl=\count274
\tag@help=\toks19
\row@=\count275
\column@=\count276
\maxfields@=\count277
\andhelp@=\toks20
\eqnshift@=\dimen167
\alignsep@=\dimen168
\tagshift@=\dimen169
\tagwidth@=\dimen170
\totwidth@=\dimen171
\lineht@=\dimen172
\@envbody=\toks21
\multlinegap=\skip51
\multlinetaggap=\skip52
\mathdisplay@stack=\toks22
LaTeX Info: Redefining \[ on input line 2938.
LaTeX Info: Redefining \] on input line 2939.
) (/usr/share/texlive/texmf-dist/tex/latex/tools/bm.sty
Package: bm 2021/04/25 v1.2e Bold Symbol Support (DPC/FMi)
\symboldoperators=\mathgroup4
\symboldletters=\mathgroup5
\symboldsymbols=\mathgroup6
Package bm Info: No bold for \OMX/cmex/m/n, using \pmb.
LaTeX Font Info:    Redeclaring math alphabet \mathbf on input line 149.
) (/usr/share/texlive/texmf-dist/tex/latex/algorithms/algorithm.sty
Package: algorithm 2009/08/24 v0.1 Document Style `algorithm' - floating environment
 (/usr/share/texlive/texmf-dist/tex/latex/float/float.sty
Package: float 2001/11/08 v1.3d Float enhancements (AL)
\c@float@type=\count278
\float@exts=\toks23
\float@box=\box54
\@float@everytoks=\toks24
\@floatcapt=\box55
) (/usr/share/texlive/texmf-dist/tex/latex/base/ifthen.sty
Package: ifthen 2020/11/24 v1.1c Standard LaTeX ifthen package (DPC)
)
\@float@every@algorithm=\toks25
\c@algorithm=\count279
) (/usr/share/texlive/texmf-dist/tex/latex/algorithms/algorithmic.sty
Package: algorithmic 2009/08/24 v0.1 Document Style `algorithmic'
\c@ALC@unique=\count280
\c@ALC@line=\count281
\c@ALC@rem=\count282
\c@ALC@depth=\count283
\ALC@tlm=\skip53
\algorithmicindent=\skip54
) (/usr/share/texlive/texmf-dist/tex/latex/tools/array.sty
Package: array 2021/10/04 v2.5f Tabular extension package (FMi)
\col@sep=\dimen173
\ar@mcellbox=\box56
\extrarowheight=\dimen174
\NC@list=\toks26
\extratabsurround=\skip55
\backup@length=\skip56
\ar@cellbox=\box57
) (/usr/share/texlive/texmf-dist/tex/latex/url/url.sty
\Urlmuskip=\muskip17
Package: url 2013/09/16  ver 3.4  Verb mode for urls, etc.
) (/usr/share/texlive/texmf-dist/tex/latex/xcolor/xcolor.sty
Package: xcolor 2021/10/31 v2.13 LaTeX color extensions (UK)
 (/usr/share/texlive/texmf-dist/tex/latex/graphics-cfg/color.cfg
File: color.cfg 2016/01/02 v1.6 sample color configuration
)
Package xcolor Info: Driver file: pdftex.def on input line 227.
Package xcolor Info: Model `cmy' substituted by `cmy0' on input line 1352.
Package xcolor Info: Model `hsb' substituted by `rgb' on input line 1356.
Package xcolor Info: Model `RGB' extended on input line 1368.
Package xcolor Info: Model `HTML' substituted by `rgb' on input line 1370.
Package xcolor Info: Model `Hsb' substituted by `hsb' on input line 1371.
Package xcolor Info: Model `tHsb' substituted by `hsb' on input line 1372.
Package xcolor Info: Model `HSB' substituted by `hsb' on input line 1373.
Package xcolor Info: Model `Gray' substituted by `gray' on input line 1374.
Package xcolor Info: Model `wave' substituted by `hsb' on input line 1375.
 (/usr/share/texlive/texmf-dist/tex/latex/xcolor/x11nam.def
File: x11nam.def 2021/10/31 v2.13 Predefined colors according to Unix/X11 (UK)
)) (/usr/share/texlive/texmf-dist/tex/latex/tabulary/tabulary.sty
Package: tabulary 2014/06/11 v0.10 tabulary package (DPC)
\TY@count=\count284
\TY@linewidth=\dimen175
\tymin=\dimen176
\tymax=\dimen177
\TY@tablewidth=\dimen178
) (/usr/share/texlive/texmf-dist/tex/latex/l3packages/xfrac/xfrac.sty (/usr/share/texlive/texmf-dist/tex/latex/l3kernel/expl3.sty
Package: expl3 2022-01-21 L3 programming layer (loader) 
 (/usr/share/texlive/texmf-dist/tex/latex/l3backend/l3backend-pdftex.def
File: l3backend-pdftex.def 2022-01-12 L3 backend support: PDF output (pdfTeX)
\l__color_backend_stack_int=\count285
\l__pdf_internal_box=\box58
)) (/usr/share/texlive/texmf-dist/tex/latex/l3packages/l3keys2e/l3keys2e.sty
Package: l3keys2e 2022-01-12 LaTeX2e option processing using LaTeX3 keys
) (/usr/share/texlive/texmf-dist/tex/latex/base/textcomp.sty
Package: textcomp 2020/02/02 v2.0n Standard LaTeX package
) (/usr/share/texlive/texmf-dist/tex/latex/l3packages/xparse/xparse.sty
Package: xparse 2022-01-12 L3 Experimental document command parser
) (/usr/share/texlive/texmf-dist/tex/latex/l3packages/xtemplate/xtemplate.sty
Package: xtemplate 2022-01-12 L3 Experimental prototype document functions
\l__xtemplate_tmp_dim=\dimen179
\l__xtemplate_tmp_int=\count286
\l__xtemplate_tmp_muskip=\muskip18
\l__xtemplate_tmp_skip=\skip57
)
Package: xfrac 2022-01-12 L3 Experimental split-level fractions
\l__xfrac_slash_box=\box59
\l__xfrac_tmp_box=\box60
\l__xfrac_denominator_bot_sep_dim=\dimen180
\l__xfrac_numerator_bot_sep_dim=\dimen181
\l__xfrac_numerator_top_sep_dim=\dimen182
\l__xfrac_slash_left_sep_dim=\dimen183
\l__xfrac_slash_right_sep_dim=\dimen184
\l__xfrac_slash_left_muskip=\muskip19
\l__xfrac_slash_right_muskip=\muskip20

Package xtemplate Info: Declaring object type 'xfrac' taking 3 argument(s) on
(xtemplate)             line 80.

) (/usr/share/texlive/texmf-dist/tex/latex/enumitem/enumitem.sty
Package: enumitem 2019/06/20 v3.9 Customized lists
\labelindent=\skip58
\enit@outerparindent=\dimen185
\enit@toks=\toks27
\enit@inbox=\box61
\enit@count@id=\count287
\enitdp@description=\count288
) (/usr/share/texlive/texmf-dist/tex/latex/booktabs/booktabs.sty
Package: booktabs 2020/01/12 v1.61803398 Publication quality tables
\heavyrulewidth=\dimen186
\lightrulewidth=\dimen187
\cmidrulewidth=\dimen188
\belowrulesep=\dimen189
\belowbottomsep=\dimen190
\aboverulesep=\dimen191
\abovetopsep=\dimen192
\cmidrulesep=\dimen193
\cmidrulekern=\dimen194
\defaultaddspace=\dimen195
\@cmidla=\count289
\@cmidlb=\count290
\@aboverulesep=\dimen196
\@belowrulesep=\dimen197
\@thisruleclass=\count291
\@lastruleclass=\count292
\@thisrulewidth=\dimen198
) (/usr/share/texlive/texmf-dist/tex/latex/amsfonts/amsfonts.sty
Package: amsfonts 2013/01/14 v3.01 Basic AMSFonts support
\symAMSa=\mathgroup7
\symAMSb=\mathgroup8
LaTeX Font Info:    Redeclaring math symbol \hbar on input line 98.
LaTeX Font Info:    Overwriting math alphabet `\mathfrak' in version `bold'
(Font)                  U/euf/m/n --> U/euf/b/n on input line 106.
) (/usr/share/texlive/texmf-dist/tex/latex/units/nicefrac.sty
Package: nicefrac 1998/08/04 v0.9b Nice fractions
\L@UnitsRaiseDisplaystyle=\skip59
\L@UnitsRaiseTextstyle=\skip60
\L@UnitsRaiseScriptstyle=\skip61
) (/usr/share/texlive/texmf-dist/tex/latex/microtype/microtype.sty
Package: microtype 2021/12/10 v3.0b Micro-typographical refinements (RS)
 (/usr/share/texlive/texmf-dist/tex/latex/etoolbox/etoolbox.sty
Package: etoolbox 2020/10/05 v2.5k e-TeX tools for LaTeX (JAW)
\etb@tempcnta=\count293
)
\MT@toks=\toks28
\MT@count=\count294
\MT@tempbox=\box62
LaTeX Info: Redefining \leftprotrusion on input line 1010.
LaTeX Info: Redefining \rightprotrusion on input line 1018.
LaTeX Info: Redefining \textls on input line 1173.
\MT@outer@kern=\dimen199
LaTeX Info: Redefining \textmicrotypecontext on input line 1759.
\MT@listname@count=\count295
 (/usr/share/texlive/texmf-dist/tex/latex/microtype/microtype-pdftex.def
File: microtype-pdftex.def 2021/12/10 v3.0b Definitions specific to pdftex (RS)
LaTeX Info: Redefining \lsstyle on input line 897.
LaTeX Info: Redefining \lslig on input line 897.
\MT@outer@space=\skip62
)
Package microtype Info: Loading configuration file microtype.cfg.
 (/usr/share/texlive/texmf-dist/tex/latex/microtype/microtype.cfg
File: microtype.cfg 2021/12/10 v3.0b microtype main configuration file (RS)
)) (/usr/share/texlive/texmf-dist/tex/latex/amsfonts/amssymb.sty
Package: amssymb 2013/01/14 v3.01 AMS font symbols
) (/usr/share/texlive/texmf-dist/tex/latex/caption/caption.sty
Package: caption 2020/10/26 v3.5g Customizing captions (AR)
 (/usr/share/texlive/texmf-dist/tex/latex/caption/caption3.sty
Package: caption3 2020/10/21 v2.2e caption3 kernel (AR)
\captionmargin=\dimen256
\captionmargin@=\dimen257
\captionwidth=\dimen258
\caption@tempdima=\dimen259
\caption@indent=\dimen260
\caption@parindent=\dimen261
\caption@hangindent=\dimen262
Package caption Info: Unknown document class (or package),
(caption)             standard defaults will be used.
Package caption Info: \@makecaption = \long macro:#1#2->\ifx \@captype \@IEEEtablestring \footnotesize \bgroup \par \centering \@IEEEtabletopskipstrut {\normalfont \sffamily \footnotesize #1}\\{\normalfont \sffamily \footnotesize #2}\par \addvspace {0.5\baselineskip }\egroup \@IEEEtablecaptionsepspace \else \@IEEEfigurecaptionsepspace \setbox \@tempboxa \hbox {\normalfont \sffamily \footnotesize {#1.}\nobreakspace #2}\ifdim \wd \@tempboxa >\hsize \setbox \@tempboxa \hbox {\normalfont \sffamily \footnotesize {#1.}\nobreakspace }\parbox [t]{\hsize }{\normalfont \sffamily \footnotesize \noindent \unhbox \@tempboxa #2}\else \hbox to\hsize {\normalfont \sffamily \footnotesize \box \@tempboxa \hfil }\fi \fi  on input line 1139.
)

Package caption Warning: Unknown document class (or package),
(caption)                standard defaults will be used.
See the caption package documentation for explanation.

\c@caption@flags=\count296
\c@continuedfloat=\count297
Package caption Info: float package is loaded.
) (/usr/share/texlive/texmf-dist/tex/latex/caption/subcaption.sty
Package: subcaption 2020/10/07 v1.3j Sub-captions (AR)
\c@subfigure=\count298
\c@subtable=\count299
) (/usr/share/texlive/texmf-dist/tex/latex/tools/tabularx.sty
Package: tabularx 2020/01/15 v2.11c `tabularx' package (DPC)
\TX@col@width=\dimen263
\TX@old@table=\dimen264
\TX@old@col=\dimen265
\TX@target=\dimen266
\TX@delta=\dimen267
\TX@cols=\count300
\TX@ftn=\toks29
) (/usr/share/texlive/texmf-dist/tex/latex/tools/multicol.sty
Package: multicol 2021/10/28 v1.9b multicolumn formatting (FMi)
\c@tracingmulticols=\count301
\mult@box=\box63
\multicol@leftmargin=\dimen268
\c@unbalance=\count302
\c@collectmore=\count303
\doublecol@number=\count304
\multicoltolerance=\count305
\multicolpretolerance=\count306
\full@width=\dimen269
\page@free=\dimen270
\premulticols=\dimen271
\postmulticols=\dimen272
\multicolsep=\skip63
\multicolbaselineskip=\skip64
\partial@page=\box64
\last@line=\box65
\maxbalancingoverflow=\dimen273
\mult@rightbox=\box66
\mult@grightbox=\box67
\mult@firstbox=\box68
\mult@gfirstbox=\box69
\@tempa=\box70
\@tempa=\box71
\@tempa=\box72
\@tempa=\box73
\@tempa=\box74
\@tempa=\box75
\@tempa=\box76
\@tempa=\box77
\@tempa=\box78
\@tempa=\box79
\@tempa=\box80
\@tempa=\box81
\@tempa=\box82
\@tempa=\box83
\@tempa=\box84
\@tempa=\box85
\@tempa=\box86
\@tempa=\box87
\@tempa=\box88
\@tempa=\box89
\@tempa=\box90
\@tempa=\box91
\@tempa=\box92
\@tempa=\box93
\@tempa=\box94
\@tempa=\box95
\@tempa=\box96
\@tempa=\box97
\@tempa=\box98
\@tempa=\box99
\@tempa=\box100
\@tempa=\box101
\@tempa=\box102
\@tempa=\box103
\@tempa=\box104
\@tempa=\box105
\c@minrows=\count307
\c@columnbadness=\count308
\c@finalcolumnbadness=\count309
\last@try=\dimen274
\multicolovershoot=\dimen275
\multicolundershoot=\dimen276
\mult@nat@firstbox=\box106
\colbreak@box=\box107
\mc@col@check@num=\count310
) (/usr/share/texlive/texmf-dist/tex/latex/multirow/multirow.sty
Package: multirow 2021/03/15 v2.8 Span multiple rows of a table
\multirow@colwidth=\skip65
\multirow@cntb=\count311
\multirow@dima=\skip66
\bigstrutjot=\dimen277
) (/usr/share/texlive/texmf-dist/tex/latex/makecell/makecell.sty
Package: makecell 2009/08/03 V0.1e Managing of Tab Column Heads and Cells
\rotheadsize=\dimen278
\c@nlinenum=\count312
\TeXr@lab=\toks30
) (/usr/share/texlive/texmf-dist/tex/latex/colortbl/colortbl.sty
Package: colortbl 2020/01/04 v1.0e Color table columns (DPC)
\everycr=\toks31
\minrowclearance=\skip67
) (/usr/share/texlive/texmf-dist/tex/latex/psnfss/pifont.sty
Package: pifont 2020/03/25 PSNFSS-v9.3 Pi font support (SPQR) 
LaTeX Font Info:    Trying to load font information for U+pzd on input line 63.
 (/usr/share/texlive/texmf-dist/tex/latex/psnfss/upzd.fd
File: upzd.fd 2001/06/04 font definitions for U/pzd.
)
LaTeX Font Info:    Trying to load font information for U+psy on input line 64.
 (/usr/share/texlive/texmf-dist/tex/latex/psnfss/upsy.fd
File: upsy.fd 2001/06/04 font definitions for U/psy.
)) (/usr/share/texlive/texmf-dist/tex/latex/tools/xspace.sty
Package: xspace 2014/10/28 v1.13 Space after command names (DPC,MH)
) (/usr/share/texlive/texmf-dist/tex/latex/hyperref/hyperref.sty
Package: hyperref 2021-06-07 v7.00m Hypertext links for LaTeX
 (/usr/share/texlive/texmf-dist/tex/generic/ltxcmds/ltxcmds.sty
Package: ltxcmds 2020-05-10 v1.25 LaTeX kernel commands for general use (HO)
) (/usr/share/texlive/texmf-dist/tex/generic/iftex/iftex.sty
Package: iftex 2020/03/06 v1.0d TeX engine tests
) (/usr/share/texlive/texmf-dist/tex/generic/pdftexcmds/pdftexcmds.sty
Package: pdftexcmds 2020-06-27 v0.33 Utility functions of pdfTeX for LuaTeX (HO)
 (/usr/share/texlive/texmf-dist/tex/generic/infwarerr/infwarerr.sty
Package: infwarerr 2019/12/03 v1.5 Providing info/warning/error messages (HO)
)
Package pdftexcmds Info: \pdf@primitive is available.
Package pdftexcmds Info: \pdf@ifprimitive is available.
Package pdftexcmds Info: \pdfdraftmode found.
) (/usr/share/texlive/texmf-dist/tex/generic/kvsetkeys/kvsetkeys.sty
Package: kvsetkeys 2019/12/15 v1.18 Key value parser (HO)
) (/usr/share/texlive/texmf-dist/tex/generic/kvdefinekeys/kvdefinekeys.sty
Package: kvdefinekeys 2019-12-19 v1.6 Define keys (HO)
) (/usr/share/texlive/texmf-dist/tex/generic/pdfescape/pdfescape.sty
Package: pdfescape 2019/12/09 v1.15 Implements pdfTeX's escape features (HO)
) (/usr/share/texlive/texmf-dist/tex/latex/hycolor/hycolor.sty
Package: hycolor 2020-01-27 v1.10 Color options for hyperref/bookmark (HO)
) (/usr/share/texlive/texmf-dist/tex/latex/letltxmacro/letltxmacro.sty
Package: letltxmacro 2019/12/03 v1.6 Let assignment for LaTeX macros (HO)
) (/usr/share/texlive/texmf-dist/tex/latex/auxhook/auxhook.sty
Package: auxhook 2019-12-17 v1.6 Hooks for auxiliary files (HO)
) (/usr/share/texlive/texmf-dist/tex/latex/kvoptions/kvoptions.sty
Package: kvoptions 2020-10-07 v3.14 Key value format for package options (HO)
)
\@linkdim=\dimen279
\Hy@linkcounter=\count313
\Hy@pagecounter=\count314
 (/usr/share/texlive/texmf-dist/tex/latex/hyperref/pd1enc.def
File: pd1enc.def 2021-06-07 v7.00m Hyperref: PDFDocEncoding definition (HO)
Now handling font encoding PD1 ...
... no UTF-8 mapping file for font encoding PD1
) (/usr/share/texlive/texmf-dist/tex/latex/hyperref/hyperref-langpatches.def
File: hyperref-langpatches.def 2021-06-07 v7.00m Hyperref: patches for babel languages
) (/usr/share/texlive/texmf-dist/tex/generic/intcalc/intcalc.sty
Package: intcalc 2019/12/15 v1.3 Expandable calculations with integers (HO)
) (/usr/share/texlive/texmf-dist/tex/generic/etexcmds/etexcmds.sty
Package: etexcmds 2019/12/15 v1.7 Avoid name clashes with e-TeX commands (HO)
)
\Hy@SavedSpaceFactor=\count315
 (/usr/share/texlive/texmf-dist/tex/latex/hyperref/puenc.def
File: puenc.def 2021-06-07 v7.00m Hyperref: PDF Unicode definition (HO)
Now handling font encoding PU ...
... no UTF-8 mapping file for font encoding PU
)
Package hyperref Info: Option `breaklinks' set `true' on input line 4073.
Package hyperref Info: Option `colorlinks' set `true' on input line 4073.
Package hyperref Info: Option `bookmarks' set `false' on input line 4073.
Package hyperref Info: Hyper figures OFF on input line 4192.
Package hyperref Info: Link nesting OFF on input line 4197.
Package hyperref Info: Hyper index ON on input line 4200.
Package hyperref Info: Plain pages OFF on input line 4207.
Package hyperref Info: Backreferencing ON on input line 4210.
Package hyperref Info: Implicit mode ON; LaTeX internals redefined.
Package hyperref Info: Bookmarks OFF on input line 4451.
 (/usr/share/texlive/texmf-dist/tex/latex/hyperref/backref.sty
Package: backref 2021/02/04 v1.41 Bibliographical back referencing
 (/usr/share/texlive/texmf-dist/tex/latex/rerunfilecheck/rerunfilecheck.sty
Package: rerunfilecheck 2019/12/05 v1.9 Rerun checks for auxiliary files (HO)
 (/usr/share/texlive/texmf-dist/tex/latex/base/atveryend-ltx.sty
Package: atveryend-ltx 2020/08/19 v1.0a Emulation of the original atveryend package
with kernel methods
) (/usr/share/texlive/texmf-dist/tex/generic/uniquecounter/uniquecounter.sty
Package: uniquecounter 2019/12/15 v1.4 Provide unlimited unique counter (HO)
 (/usr/share/texlive/texmf-dist/tex/generic/bigintcalc/bigintcalc.sty
Package: bigintcalc 2019/12/15 v1.5 Expandable calculations on big integers (HO)
))
Package uniquecounter Info: New unique counter `rerunfilecheck' on input line 286.
))
\c@Hy@tempcnt=\count316
LaTeX Info: Redefining \url on input line 4804.
\XeTeXLinkMargin=\dimen280
 (/usr/share/texlive/texmf-dist/tex/generic/bitset/bitset.sty
Package: bitset 2019/12/09 v1.3 Handle bit-vector datatype (HO)
)
\Fld@menulength=\count317
\Field@Width=\dimen281
\Fld@charsize=\dimen282
Package hyperref Info: Hyper figures OFF on input line 6076.
Package hyperref Info: Link nesting OFF on input line 6081.
Package hyperref Info: Hyper index ON on input line 6084.
Package hyperref Info: backreferencing ON on input line 6089.
Package hyperref Info: Link coloring ON on input line 6094.
Package hyperref Info: Link coloring with OCG OFF on input line 6101.
Package hyperref Info: PDF/A mode OFF on input line 6106.
LaTeX Info: Redefining \ref on input line 6146.
LaTeX Info: Redefining \pageref on input line 6150.
 (/usr/share/texlive/texmf-dist/tex/latex/base/atbegshi-ltx.sty
Package: atbegshi-ltx 2021/01/10 v1.0c Emulation of the original atbegshi
package with kernel methods
)
\Hy@abspage=\count318
\c@Item=\count319
\c@Hfootnote=\count320
)
Package hyperref Info: Driver (autodetected): hpdftex.
 (/usr/share/texlive/texmf-dist/tex/latex/hyperref/hpdftex.def
File: hpdftex.def 2021-06-07 v7.00m Hyperref driver for pdfTeX
\Fld@listcount=\count321
\c@bookmark@seq@number=\count322
\Hy@SectionHShift=\skip68
) (/usr/share/texlive/texmf-dist/tex/latex/tools/verbatim.sty
Package: verbatim 2020-07-07 v1.5u LaTeX2e package for verbatim enhancements
\every@verbatim=\toks32
\verbatim@line=\toks33
\verbatim@in@stream=\read2
) (/usr/share/texlive/texmf-dist/tex/latex/marvosym/marvosym.sty
Package: marvosym 2011/07/20 v2.2 Martin Vogel's Symbols font definitions
) (/usr/share/texlive/texmf-dist/tex/latex/ragged2e/ragged2e.sty
Package: ragged2e 2021/12/15 v3.1 ragged2e Package
\CenteringLeftskip=\skip69
\RaggedLeftLeftskip=\skip70
\RaggedRightLeftskip=\skip71
\CenteringRightskip=\skip72
\RaggedLeftRightskip=\skip73
\RaggedRightRightskip=\skip74
\CenteringParfillskip=\skip75
\RaggedLeftParfillskip=\skip76
\RaggedRightParfillskip=\skip77
\JustifyingParfillskip=\skip78
\CenteringParindent=\skip79
\RaggedLeftParindent=\skip80
\RaggedRightParindent=\skip81
\JustifyingParindent=\skip82
) (/usr/share/texlive/texmf-dist/tex/latex/cleveref/cleveref.sty
Package: cleveref 2018/03/27 v0.21.4 Intelligent cross-referencing
Package cleveref Info: `hyperref' support loaded on input line 2370.
LaTeX Info: Redefining \cref on input line 2370.
LaTeX Info: Redefining \Cref on input line 2370.
LaTeX Info: Redefining \crefrange on input line 2370.
LaTeX Info: Redefining \Crefrange on input line 2370.
LaTeX Info: Redefining \cpageref on input line 2370.
LaTeX Info: Redefining \Cpageref on input line 2370.
LaTeX Info: Redefining \cpagerefrange on input line 2370.
LaTeX Info: Redefining \Cpagerefrange on input line 2370.
LaTeX Info: Redefining \labelcref on input line 2370.
LaTeX Info: Redefining \labelcpageref on input line 2370.
Package cleveref Info: always capitalise cross-reference names on input line 7830.
Package cleveref Info: always capitalise cross-reference names on input line 7852.
) (./main.aux)
\openout1 = `main.aux'.

LaTeX Font Info:    Checking defaults for OML/cmm/m/it on input line 109.
LaTeX Font Info:    ... okay on input line 109.
LaTeX Font Info:    Checking defaults for OMS/cmsy/m/n on input line 109.
LaTeX Font Info:    ... okay on input line 109.
LaTeX Font Info:    Checking defaults for OT1/cmr/m/n on input line 109.
LaTeX Font Info:    ... okay on input line 109.
LaTeX Font Info:    Checking defaults for T1/cmr/m/n on input line 109.
LaTeX Font Info:    ... okay on input line 109.
LaTeX Font Info:    Checking defaults for TS1/cmr/m/n on input line 109.
LaTeX Font Info:    ... okay on input line 109.
LaTeX Font Info:    Checking defaults for OMX/cmex/m/n on input line 109.
LaTeX Font Info:    ... okay on input line 109.
LaTeX Font Info:    Checking defaults for U/cmr/m/n on input line 109.
LaTeX Font Info:    ... okay on input line 109.
LaTeX Font Info:    Checking defaults for PD1/pdf/m/n on input line 109.
LaTeX Font Info:    ... okay on input line 109.
LaTeX Font Info:    Checking defaults for PU/pdf/m/n on input line 109.
LaTeX Font Info:    ... okay on input line 109.

-- Lines per column: 61 (exact).
(/usr/share/texlive/texmf-dist/tex/context/base/mkii/supp-pdf.mkii
[Loading MPS to PDF converter (version 2006.09.02).]
\scratchcounter=\count323
\scratchdimen=\dimen283
\scratchbox=\box108
\nofMPsegments=\count324
\nofMParguments=\count325
\everyMPshowfont=\toks34
\MPscratchCnt=\count326
\MPscratchDim=\dimen284
\MPnumerator=\count327
\makeMPintoPDFobject=\count328
\everyMPtoPDFconversion=\toks35
) (/usr/share/texlive/texmf-dist/tex/latex/epstopdf-pkg/epstopdf-base.sty
Package: epstopdf-base 2020-01-24 v2.11 Base part for package epstopdf
 (/usr/share/texlive/texmf-dist/tex/latex/grfext/grfext.sty
Package: grfext 2019/12/03 v1.3 Manage graphics extensions (HO)
)
Package epstopdf-base Info: Redefining graphics rule for `.eps' on input line 485.
Package grfext Info: Graphics extension search list:
(grfext)             [.pdf,.jpeg,.png,.eps]
(grfext)             \AppendGraphicsExtensions on input line 504.
 (/usr/share/texlive/texmf-dist/tex/latex/latexconfig/epstopdf-sys.cfg
File: epstopdf-sys.cfg 2010/07/13 v1.3 Configuration of (r)epstopdf for TeX Live
))
LaTeX Info: Redefining \microtypecontext on input line 109.
Package microtype Info: Applying patch `item' on input line 109.
Package microtype Info: Applying patch `toc' on input line 109.
Package microtype Info: Applying patch `eqnum' on input line 109.
Package microtype Info: Applying patch `footnote' on input line 109.
Package microtype Info: Generating PDF output.
Package microtype Info: Character protrusion enabled (level 2).
Package microtype Info: Using default protrusion set `alltext'.
Package microtype Info: Automatic font expansion enabled (level 2),
(microtype)             stretch: 20, shrink: 20, step: 1, non-selected.
Package microtype Info: Using default expansion set `alltext-nott'.
LaTeX Info: Redefining \showhyphens on input line 109.
Package microtype Info: No adjustment of tracking.
Package microtype Info: No adjustment of interword spacing.
Package microtype Info: No adjustment of character kerning.
 (/usr/share/texlive/texmf-dist/tex/latex/microtype/mt-ppl.cfg
File: mt-ppl.cfg 2005/11/16 v1.6 microtype config. file: Palatino (RS)
)
Package caption Info: Begin \AtBeginDocument code.
Package caption Info: hyperref package is loaded.
Package caption Info: End \AtBeginDocument code.
Package hyperref Info: Link coloring ON on input line 109.
 (/usr/share/texlive/texmf-dist/tex/latex/hyperref/nameref.sty
Package: nameref 2021-04-02 v2.47 Cross-referencing by name of section
 (/usr/share/texlive/texmf-dist/tex/latex/refcount/refcount.sty
Package: refcount 2019/12/15 v3.6 Data extraction from label references (HO)
) (/usr/share/texlive/texmf-dist/tex/generic/gettitlestring/gettitlestring.sty
Package: gettitlestring 2019/12/15 v1.6 Cleanup title references (HO)
)
\c@section@level=\count329
)
LaTeX Info: Redefining \ref on input line 109.
LaTeX Info: Redefining \pageref on input line 109.
LaTeX Info: Redefining \nameref on input line 109.
LaTeX Font Info:    Trying to load font information for OT1+phv on input line 164.
 (/usr/share/texlive/texmf-dist/tex/latex/psnfss/ot1phv.fd
File: ot1phv.fd 2020/03/25 scalable font definitions for OT1/phv.
)
Package microtype Info: Loading generic protrusion settings for font family
(microtype)             `phv' (encoding: OT1).
(microtype)             For optimal results, create family-specific settings.
(microtype)             See the microtype manual for details.
LaTeX Font Info:    Calculating math sizes for size <11.04124> on input line 164.
 (/usr/share/texlive/texmf-dist/tex/latex/microtype/mt-cmr.cfg
File: mt-cmr.cfg 2013/05/19 v2.2 microtype config. file: Computer Modern Roman (RS)
)
LaTeX Font Info:    Trying to load font information for U+msa on input line 164.
 (/usr/share/texlive/texmf-dist/tex/latex/amsfonts/umsa.fd
File: umsa.fd 2013/01/14 v3.01 AMS symbols A
) (/usr/share/texlive/texmf-dist/tex/latex/microtype/mt-msa.cfg
File: mt-msa.cfg 2006/02/04 v1.1 microtype config. file: AMS symbols (a) (RS)
)
LaTeX Font Info:    Trying to load font information for U+msb on input line 164.
 (/usr/share/texlive/texmf-dist/tex/latex/amsfonts/umsb.fd
File: umsb.fd 2013/01/14 v3.01 AMS symbols B
) (/usr/share/texlive/texmf-dist/tex/latex/microtype/mt-msb.cfg
File: mt-msb.cfg 2005/06/01 v1.0 microtype config. file: AMS symbols (b) (RS)
)
LaTeX Font Info:    Calculating math sizes for size <7.72884> on input line 164.
LaTeX Font Info:    Calculating math sizes for size <8.03> on input line 164.
LaTeX Font Info:    Calculating math sizes for size <5.62097> on input line 164.


LaTeX Font Warning: Font shape `OT1/cmr/m/n' in size <2.81049> not available
(Font)              size <5> substituted on input line 164.


LaTeX Font Warning: Font shape `OML/cmm/m/it' in size <2.81049> not available
(Font)              size <5> substituted on input line 164.


LaTeX Font Warning: Font shape `OMS/cmsy/m/n' in size <2.81049> not available
(Font)              size <5> substituted on input line 164.


LaTeX Font Warning: Font shape `OT1/cmr/bx/n' in size <2.81049> not available
(Font)              size <5> substituted on input line 164.


LaTeX Font Warning: Font shape `OML/cmm/b/it' in size <2.81049> not available
(Font)              size <5> substituted on input line 164.


LaTeX Font Warning: Font shape `OMS/cmsy/b/n' in size <2.81049> not available
(Font)              size <5> substituted on input line 164.

(./latex/1-intro.tex (./latex/fig/fig01-dataset-sample.tex
<figures/fig01-dataset-sample.png, id=4, 944.328pt x 232.797pt>
File: figures/fig01-dataset-sample.png Graphic file (type png)
<use figures/fig01-dataset-sample.png>
Package pdftex.def Info: figures/fig01-dataset-sample.png  used on input line 3.
(pdftex.def)             Requested size: 517.935pt x 127.68352pt.
)
Underfull \hbox (badness 7344) in paragraph at lines 4--30
[]\OT1/ppl/m/sc/9.53561 (+20) nfrastructure\OT1/ppl/m/n/9.53561 (+20) -side per-cep-tion is be-com-ing an
 []


Underfull \hbox (badness 1394) in paragraph at lines 4--30
\OT1/ppl/m/n/9.53561 (+20) man-age-ment, and safety mon-i-tor-ing. In re-cent years,
 []


Underfull \hbox (badness 1584) in paragraph at lines 4--30
\OT1/ppl/m/n/9.53561 (+20) re-peat-edly ob-serve the same traf-fic space over long
 []


Underfull \hbox (badness 2418) in paragraph at lines 31--59
\OT1/ppl/m/n/9.53561 (+20) through view trans-for-ma-tion and depth lift-ing [[][][]11[][]],
 []


Underfull \hbox (badness 1661) in paragraph at lines 31--59
\OT1/ppl/m/n/9.53561 (+20) mea-sure static-dynamic or-ga-ni-za-tion. Sec-ond, ex-ist-ing
 []

[1{/var/lib/texmf/fonts/map/pdftex/updmap/pdftex.map}


]
Underfull \hbox (badness 1975) in paragraph at lines 60--77
\OT1/ppl/m/n/9.53561 (+20) con-sis-tent ob-ject track-lets, a static branch com-pletes
 []


Underfull \hbox (badness 2680) in paragraph at lines 78--93
[]\OT1/ppl/m/n/9.53561 (+20) Statistical anal-y-sis of In-fraOcc pro-vides the first
 []


Underfull \vbox (badness 1448) has occurred while \output is active []


Underfull \hbox (badness 2310) in paragraph at lines 94--117
\OT1/ppl/m/n/9.53561 (+20) fixed-viewpoint oc-cu-pancy pre-dic-tion from ``one-shot
 []


Underfull \hbox (badness 1881) in paragraph at lines 94--117
\OT1/ppl/m/n/9.53561 (+20) model should first ex-plain the sta-ble, reusable part
 []


Underfull \hbox (badness 1939) in paragraph at lines 94--117
\OT1/ppl/m/n/9.53561 (+20) and uni-fied re-com-po-si-tion, re-spec-tively. In this way,
 []

LaTeX Font Info:    Calculating math sizes for size <9.53561> on input line 123.

Underfull \hbox (badness 1789) in paragraph at lines 118--129
\OT1/ppl/m/n/9.53561 (+20) 65.87 mIoU$[]$, and 28.97, 33.87, and 37.92 mIoU$[]$,
 []


Underfull \vbox (badness 1448) has occurred while \output is active []

 [2 <./figures/fig01-dataset-sample.png>]) (./latex/2-relatedworks.tex
Underfull \hbox (badness 2134) in paragraph at lines 27--46
\OT1/ppl/m/n/9.53561 (+20) Infrastructure-side and co-op-er-a-tive per-cep-tion ex-tend
 []

(./latex/tab/tab01-dataset-comparison.tex)) (./latex/3-benchmark.tex
Underfull \hbox (badness 1924) in paragraph at lines 14--22
\OT1/ppl/m/n/9.53561 (+20) dense voxel-level se-man-tic oc-cu-pancy an-no-ta-tions in
 []


Underfull \hbox (badness 1365) in paragraph at lines 14--22
\OT1/ppl/m/n/9.53561 (+20) a fixed road-side co-or-di-nate sys-tem, sup-ports uni-fied
 []


Underfull \hbox (badness 1895) in paragraph at lines 26--30
\OT1/ppl/m/n/9.53561 (+20) Unlike vehicle-centric oc-cu-pancy per-cep-tion, In-fraOcc
 []

[3] (./latex/fig/fig02-sensor-setup.tex
<figures/fig02-sensor-setup.png, id=205, 615.171pt x 423.546pt>
File: figures/fig02-sensor-setup.png Graphic file (type png)
<use figures/fig02-sensor-setup.png>
Package pdftex.def Info: figures/fig02-sensor-setup.png  used on input line 3.
(pdftex.def)             Requested size: 252.94499pt x 174.15262pt.
) (./latex/fig/fig03-dataset-construction.tex
<figures/fig03-dataset-construction.png, id=206, 786.867pt x 296.964pt>
File: figures/fig03-dataset-construction.png Graphic file (type png)
<use figures/fig03-dataset-construction.png>
Package pdftex.def Info: figures/fig03-dataset-construction.png  used on input line 3.
(pdftex.def)             Requested size: 517.935pt x 195.48027pt.
) (./latex/fig/fig04-2d-3d-quality-check.tex
<figures/fig04-2d-3d-quality-check.png, id=207, 527.79pt x 301.125pt>
File: figures/fig04-2d-3d-quality-check.png Graphic file (type png)
<use figures/fig04-2d-3d-quality-check.png>
Package pdftex.def Info: figures/fig04-2d-3d-quality-check.png  used on input line 3.
(pdftex.def)             Requested size: 252.94499pt x 144.3132pt.

Underfull \hbox (badness 6428) in paragraph at lines 9--9
[]\OT1/ppl/m/n/9.53561 (+20) Fig. 4: |\OT1/ppl/b/n/9.53561 (+20) Qual-ity check. \OT1/ppl/m/n/9.53561 (+20) The re-com-posed se-man-tic
 []


Underfull \hbox (badness 2828) in paragraph at lines 9--9
\OT1/ppl/m/n/9.53561 (+20) 3D scene is pro-jected onto the cal-i-brated road-side
 []

)
Underfull \hbox (badness 1990) in paragraph at lines 53--69
\OT1/ppl/m/n/9.53561 (+20) units de-ployed around a smart in-ter-sec-tion and its
 []

LaTeX Font Info:    Font shape `OT1/phv/m/it' in size <9.53561> not available
(Font)              Font shape `OT1/phv/m/sl' tried instead on input line 73.

Underfull \hbox (badness 2181) in paragraph at lines 74--92
\OT1/ppl/m/n/9.53561 (+20) build-ings, veg-e-ta-tion, and bar-ri-ers. Sec-ond, dy-namic
 []

[4 <./figures/fig02-sensor-setup.png>]
Underfull \vbox (badness 1253) has occurred while \output is active []

 (./latex/fig/fig05-camera-mask.tex
<figures/fig05-camera-mask.png, id=231, 782.925pt x 196.662pt>
File: figures/fig05-camera-mask.png Graphic file (type png)
<use figures/fig05-camera-mask.png>
Package pdftex.def Info: figures/fig05-camera-mask.png  used on input line 3.
(pdftex.def)             Requested size: 517.935pt x 130.10638pt.
)
Underfull \hbox (badness 1509) in paragraph at lines 112--125
\OT1/ppl/m/n/9.53561 (+20) from mov-ing view-points, it pro-vides more com-plete
 []

[5 <./figures/fig03-dataset-construction.png> <./figures/fig04-2d-3d-quality-check.png>]
Underfull \hbox (badness 6252) in paragraph at lines 140--146
\OT1/ppl/b/n/9.53561 (+20) Image-guided Ver-i-fi-ca-tion. \OT1/ppl/m/n/9.53561 (+20) We fur-ther project the
 []


Underfull \hbox (badness 1629) in paragraph at lines 149--155
\OT1/ppl/m/n/9.53561 (+20) After static-dynamic re-com-po-si-tion, each keyframe is
 []

(./latex/fig/fig06-temporal-statistics.tex
<figures/fig06-temporal-statistics.png, id=244, 437.562pt x 438.438pt>
File: figures/fig06-temporal-statistics.png Graphic file (type png)
<use figures/fig06-temporal-statistics.png>
Package pdftex.def Info: figures/fig06-temporal-statistics.png  used on input line 3.
(pdftex.def)             Requested size: 252.94499pt x 253.45796pt.
) (./latex/fig/fig07-class-distribution.tex
<figures/fig07-class-distribution.png, id=245, 233.31165pt x 110.5731pt>
File: figures/fig07-class-distribution.png Graphic file (type png)
<use figures/fig07-class-distribution.png>
Package pdftex.def Info: figures/fig07-class-distribution.png  used on input line 3.
(pdftex.def)             Requested size: 252.94499pt x 119.8845pt.
)
Underfull \hbox (badness 1946) in paragraph at lines 202--237
\OT1/ppl/m/n/9.53561 (+20) Beyond dataset scale, In-fraOcc ex-hibits a dis-tinc-tive
 []


Underfull \hbox (badness 2486) in paragraph at lines 202--237
\OT1/ppl/m/n/9.53561 (+20) static-dynamic tem-po-ral asym-me-try caused by fixed
 []

[6]
Underfull \vbox (badness 4036) has occurred while \output is active []

 [7 <./figures/fig05-camera-mask.png> <./figures/fig06-temporal-statistics.png> <./figures/fig07-class-distribution.png>]) (./latex/table_macros.tex) (./latex/3-method.tex (./latex/fig/fig08-method-overview.tex
<figures/fig08-method-overview.png, id=280, 877.095pt x 383.25pt>
File: figures/fig08-method-overview.png Graphic file (type png)
<use figures/fig08-method-overview.png>
Package pdftex.def Info: figures/fig08-method-overview.png  used on input line 3.
(pdftex.def)             Requested size: 517.935pt x 226.3202pt.
)
Underfull \hbox (badness 3189) in paragraph at lines 3--21
\OT1/ppl/m/n/9.53561 (+20) is bi-ased to-ward spa-tially dom-i-nant static pat-terns
 []


Underfull \hbox (badness 1590) in paragraph at lines 25--36
\OT1/ppl/m/n/9.53561 (+20) side se-man-tic oc-cu-pancy pre-dic-tion as a pro-gres-sive
 []


Underfull \hbox (badness 2134) in paragraph at lines 25--36
\OT1/ppl/m/n/9.53561 (+20) de-cou-ples modality-specific fea-ture con-struc-tion from
 []


Underfull \hbox (badness 2376) in paragraph at lines 25--36
\OT1/ppl/m/n/9.53561 (+20) LiDAR-only, or multi-modal in-puts, Modality-flexible
 []


Underfull \hbox (badness 1496) in paragraph at lines 37--50
[]\OT1/ppl/m/n/9.53561 (+20) Given $\OML/cmm/b/it/10 F$\OT1/ppl/m/n/9.53561 (+20) , ProSD-Occ pro-ceeds from sta-ble lay-out
 []


Underfull \hbox (badness 2846) in paragraph at lines 78--101
[]\OT1/ppl/m/n/9.53561 (+20) For cam-era in-put, we fol-low com-mon image-to-
 []

[8]
Underfull \hbox (badness 5533) in paragraph at lines 108--113
\OT1/ppl/m/n/9.53561 (+20) con-struc-tion from the sub-se-quent modality-agnostic
 []


Underfull \hbox (badness 1789) in paragraph at lines 108--113
\OT1/ppl/m/n/9.53561 (+20) ProSD-Occ frame-work to be ap-plied to camera-only,
 []

(./latex/tab/tab02-main-results.tex
\mainmethodwd=\skip83
\mainmetricwd=\skip84
\mainclasswd=\skip85
LaTeX Font Info:    Calculating math sizes for size <7.02625> on input line 57.
)
Underfull \hbox (badness 2653) in paragraph at lines 124--136
\OT1/ppl/m/n/9.53561 (+20) This mod-ule es-ti-mates per-sis-tent static lay-out from
 []


Underfull \hbox (badness 3118) in paragraph at lines 124--136
\OT1/ppl/m/n/9.53561 (+20) in-fras-truc-ture el-e-ments be-fore dy-namic rea-son-ing is
 []


Underfull \hbox (badness 2469) in paragraph at lines 158--163
\OT1/ppl/m/n/9.53561 (+20) The con-fi-dence $\OML/cmm/b/it/10 C[]$ \OT1/ppl/m/n/9.53561 (+20) pro-vides a sample-adaptive soft
 []

[9 <./figures/fig08-method-overview.png>] (./latex/fig/fig09-modality-qualitative.tex
<figures/fig09-modality-qualitative.png, id=335, 5600.925pt x 1541.76pt>
File: figures/fig09-modality-qualitative.png Graphic file (type png)
<use figures/fig09-modality-qualitative.png>
Package pdftex.def Info: figures/fig09-modality-qualitative.png  used on input line 3.
(pdftex.def)             Requested size: 507.57408pt x 139.71695pt.
) [10]
Underfull \hbox (badness 2809) in paragraph at lines 341--352
\OT1/ppl/m/n/9.53561 (+20) oc-clu-sions, dy-namic ob-jects, and sens-ing noise. We
 []

) (./latex/4-exps.tex (./latex/fig/fig10-prosd-mechanism-features.tex
<figures/fig10-prosd-mechanism-features.pdf, id=353, 3613.5pt x 2806.485pt>
File: figures/fig10-prosd-mechanism-features.pdf Graphic file (type pdf)
<use figures/fig10-prosd-mechanism-features.pdf>
Package pdftex.def Info: figures/fig10-prosd-mechanism-features.pdf  used on input line 3.
(pdftex.def)             Requested size: 252.94499pt x 196.4312pt.

Underfull \hbox (badness 4779) in paragraph at lines 9--9
\OT1/ppl/m/n/9.53561 (+20) strength, the Dynamic-aware fea-ture (vi-su-al-ized as
 []

) (./latex/tab/tab03-core-mechanism.tex)
Underfull \hbox (badness 2644) in paragraph at lines 4--17
\OT1/ppl/m/n/9.53561 (+20) ques-tions aligned with the pa-per's claims: whether
 []

[11 <./figures/fig09-modality-qualitative.png (PNG copy)>] (./latex/tab/tab04-static-guidance.tex) (./latex/tab/tab05-suppression-strength.tex) (./latex/tab/tab06-adaptive-fusion.tex) [12 <./figures/fig10-prosd-mechanism-features.pdf>] (./latex/fig/fig11-prosd-mechanism-errors.tex
<figures/fig11-prosd-mechanism-errors.pdf, id=390, 3011.25pt x 1903.11pt>
File: figures/fig11-prosd-mechanism-errors.pdf Graphic file (type pdf)
<use figures/fig11-prosd-mechanism-errors.pdf>
Package pdftex.def Info: figures/fig11-prosd-mechanism-errors.pdf  used on input line 3.
(pdftex.def)             Requested size: 252.94499pt x 159.86015pt.

Underfull \hbox (badness 1688) in paragraph at lines 9--9
\OT1/ppl/m/n/9.53561 (+20) dy-namic fore-ground oc-cu-pancy only: green in-di-cates
 []

) (./latex/tab/tab07-static-consistency.tex) (./latex/tab/tab08-loss-balance.tex) (./latex/tab/tab09-branch-losses.tex)
Underfull \hbox (badness 4366) in paragraph at lines 50--69
\OT1/ppl/m/n/9.53561 (+20) the same rea-son-ing head re-mains ben-e-fi-cial when
 []


Underfull \hbox (badness 1496) in paragraph at lines 100--104
\OT1/ppl/m/n/9.53561 (+20) with-out turn-ing the static branch into a mem-o-rized
 []

(./latex/fig/fig12-robustness-curves.tex
<figures/fig12-robustness-curves.pdf, id=396, 241.59747pt x 115.11256pt>
File: figures/fig12-robustness-curves.pdf Graphic file (type pdf)
<use figures/fig12-robustness-curves.pdf>
Package pdftex.def Info: figures/fig12-robustness-curves.pdf  used on input line 3.
(pdftex.def)             Requested size: 252.94499pt x 120.52045pt.
) (./latex/tab/tab10-efficiency.tex) [13 <./figures/fig11-prosd-mechanism-errors.pdf>] (./latex/tab/tab11-distance-dynamic.tex) (./latex/tab/tab12-robustness.tex) [14 <./figures/fig12-robustness-curves.pdf>]
Underfull \hbox (badness 1565) in paragraph at lines 169--177
\OT1/ppl/m/n/9.53561 (+20) set-ting gives the strongest branch re-sults, while the
 []


Underfull \hbox (badness 1424) in paragraph at lines 181--189
\OT1/ppl/m/n/9.53561 (+20) Table [][]10[][] shows that the gain is not a con-se-quence
 []


Underfull \hbox (badness 2269) in paragraph at lines 181--189
\OT1/ppl/m/n/9.53561 (+20) of in-dis-crim-i-nate model scal-ing. In the camera-only
 []


Underfull \hbox (badness 1360) in paragraph at lines 203--213
\OT1/ppl/m/n/9.53561 (+20) there-fore re-port dy-namic mIoU af-ter re-anchoring: if
 []

)
Underfull \hbox (badness 1418) in paragraph at lines 214--189
\OT1/ppl/m/n/9.53561 (+20) (C) and Plain (C) as paired ab-so-lute dynamic-mIoU
 []

(./latex/5-conclusion.tex) (./main.bbl (./main.brf)
\tf@brf=\write3
\openout3 = `main.brf'.

 [15]
Underfull \hbox (badness 1968) in paragraph at lines 211--211
\OT1/ppl/m/n/8.03 (+20) C. Stach-niss, and J. Gall, ``Se-manticKITTI: A Dataset for
 []


Overfull \hbox (0.60934pt too wide) in paragraph at lines 240--240
\OT1/ppl/m/n/8.03 (-20) ``PointPillars: Fast Encoders for Object Detection from Point Clouds,''
 []

[16]
Underfull \hbox (badness 1448) in paragraph at lines 280--280
[]\OT1/ppl/m/n/8.03 (+20) W. Zheng, W. Chen, Y. Huang, B. Zhang, Y. Duan, and
 []

) [17

] (./main.aux)

LaTeX Font Warning: Size substitutions with differences
(Font)              up to 2.18951pt have occurred.

Package rerunfilecheck Info: File `main.brf' has not changed.
(rerunfilecheck)             Checksum: 76F605F00B856ADBE2845C1CB493F885;4801.
 ) 
Here is how much of TeX's memory you used:
 20392 strings out of 480247
 353831 string characters out of 5896151
 759246 words of memory out of 5000000
 37256 multiletter control sequences out of 15000+600000
 553610 words of font info for 494 fonts, out of 8000000 for 9000
 14 hyphenation exceptions out of 8191
 87i,15n,91p,1240b,505s stack positions out of 5000i,500n,10000p,200000b,80000s
{/usr/share/texlive/texmf-dist/fonts/enc/dvips/base/8r.enc}</usr/share/texlive/texmf-dist/fonts/type1/public/amsfonts/cm/cmbx10.pfb></usr/share/texlive/texmf-dist/fonts/type1/public/amsfonts/cm/cmex10.pfb></usr/share/texlive/texmf-dist/fonts/type1/public/amsfonts/cm/cmmi10.pfb></usr/share/texlive/texmf-dist/fonts/type1/public/amsfonts/cm/cmmi5.pfb></usr/share/texlive/texmf-dist/fonts/type1/public/amsfonts/cm/cmmi7.pfb></usr/share/texlive/texmf-dist/fonts/type1/public/amsfonts/cm/cmmib10.pfb></usr/share/texlive/texmf-dist/fonts/type1/public/amsfonts/cm/cmr10.pfb></usr/share/texlive/texmf-dist/fonts/type1/public/amsfonts/cm/cmr5.pfb></usr/share/texlive/texmf-dist/fonts/type1/public/amsfonts/cm/cmr7.pfb></usr/share/texlive/texmf-dist/fonts/type1/public/amsfonts/cm/cmsy10.pfb></usr/share/texlive/texmf-dist/fonts/type1/public/amsfonts/cm/cmsy5.pfb></usr/share/texlive/texmf-dist/fonts/type1/public/amsfonts/cm/cmsy6.pfb></usr/share/texlive/texmf-dist/fonts/type1/public/amsfonts/cm/cmsy7.pfb></usr/share/texlive/texmf-dist/fonts/type1/public/amsfonts/cm/cmsy8.pfb></usr/share/texlive/texmf-dist/fonts/type1/public/amsfonts/symbols/msbm10.pfb></usr/share/texlive/texmf-dist/fonts/type1/urw/helvetic/uhvb8a.pfb></usr/share/texlive/texmf-dist/fonts/type1/urw/helvetic/uhvr8a.pfb></usr/share/texlive/texmf-dist/fonts/type1/urw/helvetic/uhvro8a.pfb></usr/share/texlive/texmf-dist/fonts/type1/urw/palatino/uplb8a.pfb></usr/share/texlive/texmf-dist/fonts/type1/urw/palatino/uplbi8a.pfb></usr/share/texlive/texmf-dist/fonts/type1/urw/palatino/uplr8a.pfb></usr/share/texlive/texmf-dist/fonts/type1/urw/palatino/uplri8a.pfb></usr/share/texlive/texmf-dist/fonts/type1/urw/zapfding/uzdr.pfb>
Output written on main.pdf (17 pages, 37148481 bytes).
PDF statistics:
 774 PDF objects out of 1000 (max. 8388607)
 644 compressed objects within 7 object streams
 169 named destinations out of 1000 (max. 500000)
 100413 words of extra memory for PDF output out of 106986 (max. 10000000)

